type octile
height 40
width 59
map
@@@@@@@@@@@@@@@@@@@@@@@@@@@@@@@@@@@@@@@@@@@@@@@@@@@@@@@@@@@
@.......@.......@.....@.........@.......@...@.......@.....@
@.@@@@@.@.@@@@@.@.@.@.@@@@@@@.@.@@@.@@@.@.@@@@@@@.@.@.@.@.@
@...@...@.@...@...@.@.@...@...@.@...@...@.....@.@.@.@.@.@..
@@@.@@@@@.@.@@@.@@@.@.@@@.@.@@@.@.@@@@@.@.@.@.@.@.@.@@@.@@@
@...@...@...@.....@.@.......@...@.....@.@.@.@.....@........
@.@@@.@.@@@.@@@.@@@.@@@@@@@@@@@.@@@@@.@.@.@.@@@.@@@.@.@@@.@
@.....@...@.@...@.@.........@.....@...@.@.@.@.@...@.@.@.@..
@@@@@@@.@.@.@.@.@.@@@@@@@@@.@@@.@.@.@.@.@@@.@.@.@@@@@.@.@@@
@.......@.@.@.@...@.....@.....@.@.@.@.@.@...@.@.@.........@
@.@@@@@@@@@.@.@@@.@@@.@@@.@@@@@@@.@.@.@.@.@@@.@.@@@@@@@@@.@
@...........@.@.......@.@.@.@...@...@.@...@.........@......
@.@@@@@@@@@@@.@@@.@@@@@.@.@.@.@.@.@@@@@@@@@@@@@@@.@@@.@@@@@
@.@...@.......@.@.@.........@.@.@.@.......@.....@...@......
@.@.@.@@@.@@@.@.@@@.@@@.@.@@@.@.@@@.@@@@@.@.@@@.@.@@@@@.@.@
@...@...@.@.....@...@.@.@...@.@.@.....@.....@...@.@.....@.@
@.@@@@@.@.@@@@@@@.@@@.@@@.@@@.@@@.@@@@@@@@@@@.@@@@@@@.@@@.@
@.@.@.@.@...@.....@.......@.....@.@.........@...........@..
@@@.@.@.@.@.@.@@@@@@@@@@@@@.@.@@@.@@@.@@@@@.@@@@@@@@@@@.@@@
@.....@.@.@.@...............@...@.....@...@.....@...@......
@.@@@@@.@.@.@@@@@@@.@@@.@.@@@@@.@.@@@@@.@.@@@@@.@.@.@@@@@@.
@...@...@.@.....@.@...@.@.@...@.@...@.@.@.....@...@.@......
@.@.@.@@@@@.@@@.@.@@@@@.@@@.@.@@@.@@@.@.@@@@@.@.@@@@@@@.@@@
@.@.@...@.....@.....@.....@.@.....@...@.@.....@.@.....@...@
@@@.@@@.@@@@@.@@@@@@@@@.@@@.@@@@@@@.@.@.@@@@@@@@@.@@@.@.@@@
@...@...@...@.....@...@.......@.@...@.@.........@...@.....@
@.@@@.@@@.@.@@@@@.@@@.@.@@@.@@@.@.@@@.@@@@@@@.@@@@@.@@@@@.@
@.....@...@.........@...@.....@...@.....@...@...........@..
@.@@@.@@@.@@@.@@@.@@@@@@@@@@@@@.@@@.@@@.@.@.@@@.@@@@@@@.@@@
@.@.@...@.......@.........@.......@...@...@.@.....@...@...@
@.@.@@@.@@@@@@@.@.@@@@@@@.@.@@@.@@@@@.@@@.@.@.@.@@@.@.@@@.@
@...@.@.........@...@.@...@.@.@.@...@.@...@...@...@.@.....@
@@@.@.@.@@@@@@@@@@@.@.@.@@@.@.@.@.@@@@@@@@@@@@@.@@@.@@@@@@@
@.@...@.@.........@.@.@.....@.....@.@...@...@.@.@.....@...@
@.@.@@@@@.@@@@@@@.@.@.@@@.@@@@@@@.@.@.@.@.@.@.@.@@@@@.@.@@@
@.......@...@...@...@...@.@.....@...@.@...@.@.....@.@.@.@.@
@@@@@.@.@@@.@.@.@@@@@.@@@.@.@@@.@@@@@.@@@@@.@@@@@@@.@.@.@.@
@.....@.@.....@...@.@.....@.@.@.......@.....@.........@...@
@@@.@@@.@@@@@.@.@.@.@.@@@@@.@.@@@@@@@@@.@@@@@.@@@@@@@@@.@@@
@...@.........@.@.......@.....@............................